Files: 174
[1/174] O 13강/1번/단어.json (11/11) t=11s
[2/174] O 13강/1번/워크북.json (12/12) t=22s
[3/174] O 13강/1번/퀴즈.json (10/10) t=34s
[4/174] O 13강/2번/단어.json (11/11) t=45s
[5/174] O 13강/2번/워크북.json (12/12) t=57s
[6/174] O 13강/2번/퀴즈.json (10/10) t=71s
[7/174] O 13강/3번/단어.json (11/11) t=84s
[8/174] O 13강/3번/워크북.json (16/16) t=96s
[9/174] O 13강/3번/퀴즈.json (14/14) t=107s
[10/174] O 13강/4번/단어.json (11/11) t=118s
[11/174] O 13강/4번/워크북.json (14/14) t=129s
[12/174] O 13강/4번/퀴즈.json (16/16) t=142s
[13/174] O 13강/Gateway/단어.json (11/11) t=153s
[14/174] O 13강/Gateway/워크북.json (11/11) t=164s
[15/174] O 13강/Gateway/퀴즈.json (10/10) t=175s
[16/174] O 13강/단어.json (11/11) t=186s
[17/174] O 13강/워크북.json (11/11) t=197s
[18/174] O 13강/퀴즈.json (10/10) t=208s
[19/174] O 14강/1번/단어.json (11/11) t=218s
[20/174] O 14강/1번/워크북.json (11/11) t=229s
[21/174] O 14강/1번/퀴즈.json (10/10) t=241s
[22/174] O 14강/2번/단어.json (11/11) t=252s
[23/174] O 14강/2번/워크북.json (11/11) t=263s
[24/174] O 14강/2번/퀴즈.json (10/10) t=274s
[25/174] O 14강/3번/단어.json (11/11) t=285s
[26/174] O 14강/3번/워크북.json (11/11) t=296s
[27/174] O 14강/3번/퀴즈.json (10/10) t=307s
[28/174] O 14강/4번/단어.json (11/11) t=318s
[29/174] O 14강/4번/워크북.json (11/11) t=329s
[30/174] O 14강/4번/퀴즈.json (10/10) t=340s
[31/174] O 14강/Gateway/단어.json (11/11) t=351s
[32/174] O 14강/Gateway/워크북.json (11/11) t=362s
[33/174] O 14강/Gateway/퀴즈.json (10/10) t=373s
[34/174] O 14강/단어.json (11/11) t=384s
[35/174] O 14강/워크북.json (13/13) t=395s
[36/174] O 14강/퀴즈.json (10/10) t=406s
[37/174] O 15강/1번/단어.json (11/11) t=417s
[38/174] O 15강/1번/워크북.json (11/11) t=428s
[39/174] O 15강/1번/퀴즈.json (8/8) t=434s
[40/174] O 15강/2번/단어.json (11/11) t=445s
[41/174] O 15강/2번/워크북.json (11/11) t=456s
[42/174] O 15강/2번/퀴즈.json (6/6) t=462s
[43/174] O 15강/3번/단어.json (11/11) t=472s
[44/174] O 15강/3번/워크북.json (11/11) t=483s
[45/174] O 15강/3번/퀴즈.json (10/10) t=495s
[46/174] O 15강/4번/단어.json (11/11) t=505s
[47/174] O 15강/4번/워크북.json (11/11) t=516s
[48/174] O 15강/4번/퀴즈.json (10/10) t=527s
[49/174] O 15강/Gateway/단어.json (11/11) t=537s
[50/174] O 15강/Gateway/워크북.json (11/11) t=548s
[51/174] O 15강/Gateway/퀴즈.json (10/10) t=559s
[52/174] O 16강/1번/단어.json (11/11) t=570s
[53/174] O 16강/1번/워크북.json (11/11) t=581s
[54/174] O 16강/1번/퀴즈.json (10/10) t=592s
[55/174] O 16강/2번/단어.json (11/11) t=603s
[56/174] O 16강/2번/워크북.json (11/11) t=614s
[57/174] O 16강/2번/퀴즈.json (10/10) t=626s
[58/174] O 16강/3번/단어.json (11/11) t=637s
[59/174] O 16강/3번/워크북.json (11/11) t=648s
[60/174] O 16강/3번/퀴즈.json (10/10) t=659s
[61/174] O 16강/4번/단어.json (11/11) t=670s
[62/174] O 16강/4번/워크북.json (11/11) t=681s
[63/174] O 16강/4번/퀴즈.json (10/10) t=692s
[64/174] O 16강/Gateway/단어.json (11/11) t=703s
[65/174] O 16강/Gateway/워크북.json (11/11) t=714s
[66/174] O 16강/Gateway/퀴즈.json (10/10) t=725s
[67/174] O 17강/1번/단어.json (11/11) t=736s
[68/174] O 17강/1번/워크북.json (10/10) t=747s
[69/174] O 17강/1번/퀴즈.json (9/9) t=758s
[70/174] O 17강/2번/단어.json (11/11) t=770s
[71/174] O 17강/2번/워크북.json (10/10) t=781s
[72/174] O 17강/2번/퀴즈.json (9/9) t=792s
[73/174] O 17강/3번/단어.json (11/11) t=804s
[74/174] O 17강/3번/워크북.json (10/10) t=815s
[75/174] O 17강/3번/퀴즈.json (9/9) t=826s
[76/174] O 17강/4번/단어.json (11/11) t=837s
[77/174] O 17강/4번/워크북.json (11/11) t=848s
[78/174] O 17강/4번/퀴즈.json (10/10) t=859s
[79/174] O 17강/Gateway/단어.json (11/11) t=870s
[80/174] O 17강/Gateway/워크북.json (10/10) t=881s
[81/174] O 17강/Gateway/퀴즈.json (9/9) t=892s
[82/174] O 18강/1번/단어.json (11/11) t=903s
[83/174] O 18강/1번/워크북.json (11/11) t=914s
[84/174] O 18강/1번/퀴즈.json (10/10) t=925s
[85/174] O 18강/2번/단어.json (11/11) t=936s
[86/174] O 18강/2번/워크북.json (11/11) t=947s
[87/174] O 18강/2번/퀴즈.json (10/10) t=958s
[88/174] O 18강/3번/단어.json (11/11) t=971s
[89/174] O 18강/3번/워크북.json (11/11) t=982s
[90/174] O 18강/3번/퀴즈.json (10/10) t=992s
[91/174] O 18강/4번/단어.json (11/11) t=1006s
[92/174] O 18강/4번/워크북.json (11/11) t=1016s
[93/174] O 18강/4번/퀴즈.json (10/10) t=1027s
[94/174] O 18강/Gateway/단어.json (11/11) t=1039s
[95/174] O 18강/Gateway/워크북.json (11/11) t=1050s
[96/174] O 18강/Gateway/퀴즈.json (10/10) t=1060s
[97/174] O 19강/1번/단어.json (11/11) t=1072s
[98/174] O 19강/1번/워크북.json (13/13) t=1083s
[99/174] O 19강/1번/퀴즈.json (10/10) t=1094s
[100/174] O 19강/2번/단어.json (11/11) t=1106s
[101/174] O 19강/2번/워크북.json (13/13) t=1118s
[102/174] O 19강/2번/퀴즈.json (10/10) t=1129s
[103/174] O 19강/3번/단어.json (11/11) t=1139s
[104/174] O 19강/3번/워크북.json (13/13) t=1150s
[105/174] O 19강/3번/퀴즈.json (10/10) t=1161s
[106/174] O 19강/4번/단어.json (11/11) t=1172s
[107/174] O 19강/4번/워크북.json (13/13) t=1183s
[108/174] O 19강/4번/퀴즈.json (10/10) t=1194s
[109/174] O 19강/Gateway/단어.json (11/11) t=1204s
[110/174] O 19강/Gateway/워크북.json (13/13) t=1216s
[111/174] O 19강/Gateway/퀴즈.json (10/10) t=1227s
[112/174] O 20강/1번/단어.json (11/11) t=1238s
[113/174] O 20강/1번/워크북.json (11/11) t=1250s
[114/174] O 20강/1번/퀴즈.json (10/10) t=1262s
[115/174] O 20강/2번/단어.json (11/11) t=1273s
[116/174] O 20강/2번/워크북.json (11/11) t=1284s
[117/174] O 20강/2번/퀴즈.json (10/10) t=1295s
[118/174] O 20강/3번/단어.json (11/11) t=1306s
[119/174] O 20강/3번/워크북.json (12/12) t=1317s
[120/174] O 20강/3번/퀴즈.json (10/10) t=1328s
[121/174] O 20강/4번/단어.json (11/11) t=1339s
[122/174] O 20강/4번/워크북.json (11/11) t=1351s
[123/174] O 20강/4번/퀴즈.json (10/10) t=1361s
[124/174] O 20강/Gateway/단어.json (11/11) t=1373s
[125/174] O 20강/Gateway/워크북.json (12/12) t=1384s
[126/174] O 20강/Gateway/퀴즈.json (10/10) t=1395s
[127/174] O 21강/1번/단어.json (11/11) t=1406s
[128/174] O 21강/1번/워크북.json (11/11) t=1417s
[129/174] O 21강/1번/퀴즈.json (10/10) t=1428s
[130/174] O 21강/2번/단어.json (11/11) t=1439s
[131/174] O 21강/2번/워크북.json (11/11) t=1450s
[132/174] O 21강/2번/퀴즈.json (10/10) t=1462s
[133/174] O 21강/3번/단어.json (11/11) t=1473s
[134/174] O 21강/3번/워크북.json (11/11) t=1484s
[135/174] O 21강/3번/퀴즈.json (10/10) t=1494s
[136/174] O 21강/Gateway/단어.json (11/11) t=1505s
[137/174] O 21강/Gateway/워크북.json (11/11) t=1516s
[138/174] O 21강/Gateway/퀴즈.json (10/10) t=1528s
[139/174] O 21강/단어.json (11/11) t=1539s
[140/174] O 21강/워크북.json (16/16) t=1550s
[141/174] O 21강/퀴즈.json (20/20) t=1567s
[142/174] O 22강/1번/단어.json (11/11) t=1578s
[143/174] O 22강/1번/워크북.json (11/11) t=1589s
[144/174] O 22강/1번/퀴즈.json (10/10) t=1600s
[145/174] O 22강/2번/단어.json (11/11) t=1611s
[146/174] O 22강/2번/워크북.json (11/11) t=1622s
[147/174] O 22강/2번/퀴즈.json (10/10) t=1633s
[148/174] O 22강/3번/단어.json (11/11) t=1644s
[149/174] O 22강/3번/워크북.json (11/11) t=1655s
[150/174] O 22강/3번/퀴즈.json (10/10) t=1666s
[151/174] O 22강/Gateway/단어.json (11/11) t=1677s
[152/174] O 22강/Gateway/워크북.json (11/11) t=1688s
[153/174] O 22강/Gateway/퀴즈.json (10/10) t=1699s
[154/174] O 22강/단어.json (11/11) t=1714s
[155/174] O 22강/워크북.json (16/16) t=1725s
[156/174] O 22강/퀴즈.json (16/16) t=1737s
[157/174] O 23강/1번/단어.json (11/11) t=1750s
[158/174] O 23강/1번/워크북.json (9/9) t=1761s
[159/174] O 23강/1번/퀴즈.json (7/7) t=1767s
[160/174] O 23강/2번/단어.json (11/11) t=1777s
[161/174] O 23강/2번/워크북.json (9/9) t=1788s
[162/174] O 23강/2번/퀴즈.json (7/7) t=1794s
[163/174] O 23강/3번/단어.json (11/11) t=1805s
[164/174] O 23강/3번/워크북.json (9/9) t=1816s
[165/174] O 23강/3번/퀴즈.json (7/7) t=1822s
[166/174] O 23강/Gateway/단어.json (11/11) t=1833s
[167/174] O 23강/Gateway/워크북.json (9/9) t=1844s
[168/174] O 23강/Gateway/퀴즈.json (7/7) t=1850s
[169/174] O 23강/단어.json (11/11) t=1861s
[170/174] O 23강/워크북.json (16/16) t=1872s
[171/174] O 23강/퀴즈.json (9/9) t=1883s
[172/174] O 24강/Gateway/단어.json (11/11) t=1894s
[173/174] O 24강/Gateway/워크북.json (11/11) t=1906s
[174/174] O 24강/Gateway/퀴즈.json (12/12) t=1917s

DONE  files=174 checked=1888 pass=0 fail=0 skip=1592
Report: /Users/woobumpark/Desktop/영어해방공식&내신핏/naesinfit-tests/blind-solve-reports/13to24-final.json
